
[devops@GITOPSRBDAD1M ~/images]$ sudo podman load < etcd-3.4.32.tar.gz
Error: payload does not match any of the supported image formats:
 * oci: initializing source oci:/var/tmp/podman1682106815:: open /var/tmp/podman1682106815/index.json: not a directory
 * oci-archive: loading index: open /var/tmp/oci4201264649/index.json: no such file or directory
 * docker-archive: loading tar component manifest.json: file does not exist
 * dir: open /var/tmp/podman1682106815/manifest.json: not a directory
[devops@GITOPSRBDAD1M ~/images]$ ^C
[devops@GITOPSRBDAD1M ~/images]$ cat <<EOF > Dockerfile
> FROM golang:1.17 as builder
> WORKDIR /etcd
> COPY . .
> RUN ./build
>
> FROM alpine:3.14
> COPY --from=builder /etcd/bin/etcd /usr/local/bin/
> COPY --from=builder /etcd/bin/etcdctl /usr/local/bin/
> EXPOSE 2379 2380
ENTRYPOINT ["/usr/local/bin/etcd"]
> ENTRYPOINT ["/usr/local/bin/etcd"]
> EOF
[devops@GITOPSRBDAD1M ~/images]$ sudo podman build -t localhost:443/etcd:3.4.32 .
[1/2] STEP 1/4: FROM golang:1.17 AS builder
✔ docker.io/library/golang:1.17
Trying to pull docker.io/library/golang:1.17...
Error: creating build container: initializing source docker://golang:1.17: pinging container registry registry-1.docker.io: Get "https://registry-1.docker.io/v2/": dial tcp: lookup registry-1.docker.io on 10.4.2.102:53: no such host
[devops@GITOPSRBDAD1M ~/images]$ sudo podman build -t localhost:443/etcd:3.4.32 .
[1/2] STEP 1/4: FROM golang:1.17 AS builder
✔ quay.io/golang:1.17
Trying to pull quay.io/golang:1.17...
Error: creating build container: initializing source docker://quay.io/golang:1.17: pinging container registry quay.io: Get "https://quay.io/v2/": dial tcp: lookup quay.io on 10.4.2.102:53: no such host
[devops@GITOPSRBDAD1M ~/images]$
