
[devops@DEVAD1M ~]$ kubectl get pods -n kube-system
NAME                              READY   STATUS             RESTARTS      AGE
coredns-58767d876d-q2jlq          0/1     CrashLoopBackOff   9 (16s ago)   21m
coredns-58767d876d-qvv8h          0/1     CrashLoopBackOff   9 (4s ago)    21m
etcd-devad1m                      1/1     Running            2             46m
kube-apiserver-devad1m            1/1     Running            2 (47m ago)   46m
kube-controller-manager-devad1m   1/1     Running            2             46m
kube-proxy-skl2m                  1/1     Running            0             46m
kube-scheduler-devad1m            1/1     Running            2             46m
[devops@DEVAD1M ~]$ kubectl get pods -n kube-system
NAME                              READY   STATUS             RESTARTS      AGE
coredns-58767d876d-q2jlq          0/1     CrashLoopBackOff   9 (19s ago)   21m
coredns-58767d876d-qvv8h          0/1     CrashLoopBackOff   9 (7s ago)    21m
etcd-devad1m                      1/1     Running            2             46m
kube-apiserver-devad1m            1/1     Running            2 (47m ago)   46m
kube-controller-manager-devad1m   1/1     Running            2             46m
kube-proxy-skl2m                  1/1     Running            0             46m
kube-scheduler-devad1m            1/1     Running            2             46m
[devops@DEVAD1M ~]$ kubectl edit deployment coredns -n kube-system
Edit cancelled, no changes made.
[devops@DEVAD1M ~]$ kubectl delete daemonset kube-flannel-ds -n kube-flannel
daemonset.apps "kube-flannel-ds" deleted
[devops@DEVAD1M ~]$ kubectl edit daemonset kube-flannel-ds -n kube-flannel
Error from server (NotFound): daemonsets.apps "kube-flannel-ds" not found
[devops@DEVAD1M ~]$ ls
admin.kubeconfig  --discovery-token-ca-cert-hash  etcd-server.key                 files         k8s-deps            kube-apiserver.key                  kube-scheduler.kubeconfig  service-account.key
ca.crt            encryption-config.yaml          etcd-v3.3.9-linux-amd64         files.tar.gz  k8s-deps.tar.gz     kube-controller-manager.kubeconfig  roles.zip                  token.txt
ca.key            etcd-server.crt                 etcd-v3.3.9-linux-amd64.tar.gz  hard          kube-apiserver.crt  kube-flannel.yaml                   service-account.crt
[devops@DEVAD1M ~]$ kubectl apply -f kube-flannel.yaml
daemonset.apps/kube-flannel-ds created
[devops@DEVAD1M ~]$ kubectl get pods -n kube-system
NAME                              READY   STATUS             RESTARTS      AGE
coredns-58767d876d-q2jlq          0/1     CrashLoopBackOff   9 (93s ago)   22m
coredns-58767d876d-qvv8h          0/1     CrashLoopBackOff   9 (81s ago)   22m
etcd-devad1m                      1/1     Running            2             48m
kube-apiserver-devad1m            1/1     Running            2 (48m ago)   48m
kube-controller-manager-devad1m   1/1     Running            2             48m
kube-proxy-skl2m                  1/1     Running            0             47m
kube-scheduler-devad1m            1/1     Running            2             48m
[devops@DEVAD1M ~]$ kubectl edit daemonset kube-flannel-ds -n kube-flannel
Edit cancelled, no changes made.
[devops@DEVAD1M ~]$ kubectl get pods -n kube-flannel
No resources found in kube-flannel namespace.
[devops@DEVAD1M ~]$

