[devops@worker1 ~]$ cat nginx.yaml
apiVersion: apps/v1
kind: Deployment
metadata:
  name: nginx-deployment
spec:
  selector:
    matchLabels:
      app: nginx
  replicas: 2
  template:
    metadata:
      labels:
        app: nginx
    spec:
      containers:
      - name: nginx
        image: 10.173.181.26/my-nginx:1.27.0
        ports:
        - containerPort: 80
[devops@worker1 ~]$ vi nginx.yaml
[devops@worker1 ~]$ kubectl delete -f nginx.yaml
deployment.apps "nginx-deployment" deleted
[devops@worker1 ~]$ kubectl apply  -f nginx.yaml
deployment.apps/nginx-deployment created
[devops@worker1 ~]$ kubectl describe  pods nginx-deployment-cd4756b8-czh89
Error from server (NotFound): pods "nginx-deployment-cd4756b8-czh89" not found
[devops@worker1 ~]$ kubectl get pods -A
NAMESPACE      NAME                                READY   STATUS                 RESTARTS   AGE
default        my-nginx                            0/1     CreateContainerError   0          14m
default        nginx-deployment-5bd579688f-mb2bx   0/1     CreateContainerError   0          13s
default        nginx-deployment-5bd579688f-p2xdl   0/1     CreateContainerError   0          13s
kube-flannel   kube-flannel-ds-gf8g8               1/1     Running                0          83m
kube-system    coredns-857d9c5658-hbvth            1/1     Running                0          73m
kube-system    etcd-worker1                        1/1     Running                1          20h
kube-system    kube-apiserver-worker1              1/1     Running                1          20h
kube-system    kube-controller-manager-worker1     1/1     Running                1          20h
kube-system    kube-proxy-2t6rg                    1/1     Running                0          20h
kube-system    kube-scheduler-worker1              1/1     Running                1          20h
[devops@worker1 ~]$ kubectl describe  pods nginx-deployment-5bd579688f-mb2bx
Name:             nginx-deployment-5bd579688f-mb2bx
Namespace:        default
Priority:         0
Service Account:  default
Node:             worker1/10.173.144.181
Start Time:       Thu, 13 Jun 2024 10:57:50 +0100
Labels:           app=nginx
                  pod-template-hash=5bd579688f
Annotations:      <none>
Status:           Pending
IP:               10.10.0.210
IPs:
  IP:           10.10.0.210
Controlled By:  ReplicaSet/nginx-deployment-5bd579688f
Containers:
  nginx:
    Container ID:
    Image:         10.173.181.26/my-nginx:1.27.0
    Image ID:
    Port:          80/TCP
    Host Port:     0/TCP
    Command:
      nginx
      -g
      daemon off;
    State:          Waiting
      Reason:       CreateContainerError
    Ready:          False
    Restart Count:  0
    Environment:    <none>
    Mounts:
      /var/run/secrets/kubernetes.io/serviceaccount from kube-api-access-d5ltb (ro)
Conditions:
  Type                        Status
  PodReadyToStartContainers   True
  Initialized                 True
  Ready                       False
  ContainersReady             False
  PodScheduled                True
Volumes:
  kube-api-access-d5ltb:
    Type:                    Projected (a volume that contains injected data from multiple sources)
    TokenExpirationSeconds:  3607
    ConfigMapName:           kube-root-ca.crt
    ConfigMapOptional:       <nil>
    DownwardAPI:             true
QoS Class:                   BestEffort
Node-Selectors:              <none>
Tolerations:                 node.kubernetes.io/not-ready:NoExecute op=Exists for 300s
                             node.kubernetes.io/unreachable:NoExecute op=Exists for 300s
Events:
  Type     Reason     Age                From               Message
  ----     ------     ----               ----               -------
  Normal   Scheduled  25s                default-scheduler  Successfully assigned default/nginx-deployment-5bd579688f-mb2bx to worker1
  Normal   Pulled     10s (x3 over 24s)  kubelet            Container image "10.173.181.26/my-nginx:1.27.0" already present on machine
  Warning  Failed     10s (x3 over 24s)  kubelet            Error: container create failed: executable file `nginx` not found in $PATH: No such file or directory
